// Vitest Snapshot v1, https://vitest.dev/guide/snapshot.html

exports[`AgentResult snapshot > AgentResult has expected shape on failure 1`] = `
{
  "correlationId": "fixed-test-id-failure",
  "error": "Test error",
  "errorType": "UNKNOWN_ERROR",
  "success": false,
  "taskType": "stellar_payment",
}
`;

exports[`AgentResult snapshot > AgentResult has expected shape on success 1`] = `
{
  "correlationId": "fixed-test-id-success",
  "data": {
    "ledger": 1,
    "network": "mainnet",
    "txHash": "success_tx_hash",
  },
  "success": true,
  "taskType": "stellar_payment",
}
`;
